// Jest Snapshot v1, https://goo.gl/fbAQLP

exports[`SubNavItemText renders default styling 1`] = `
<span
  className="c-chrome__subnav__item__text "
  data-garden-id="chrome.subnav_item_text"
  data-garden-version="version"
/>
`;
