// Jest Snapshot v1, https://goo.gl/fbAQLP

exports[`Body renders default styling 1`] = `
<div
  className="c-dialog__body "
  data-garden-id="modals.body"
  data-garden-version="version"
/>
`;
