// Jest Snapshot v1, https://goo.gl/fbAQLP

exports[`Header renders default styling 1`] = `
<div
  className="c-dialog__header "
  data-garden-id="modals.header"
  data-garden-version="version"
/>
`;
