// Jest Snapshot v1, https://goo.gl/fbAQLP

exports[`PreviousPage renders default styling 1`] = `
<Page
  className="c-pagination__page--previous "
  data-garden-id="pagination.previous_page"
  data-garden-version="version"
/>
`;
