// Jest Snapshot v1, https://goo.gl/fbAQLP

exports[`Sidebar renders default styling 1`] = `
<aside
  className="c-chrome__body__content__sidebar "
  data-garden-id="chrome.sidebar"
  data-garden-version="version"
/>
`;
