// Jest Snapshot v1, https://goo.gl/fbAQLP

exports[`MediaBody renders default styling 1`] = `
<div
  className="MediaBody-gGrIhN c-menu__item--media__body iUnwGi"
  data-garden-id="menus.media_body"
  data-garden-version="version"
/>
`;
