// Jest Snapshot v1, https://goo.gl/fbAQLP

exports[`Hint renders default styling 1`] = `
<div
  className="c-txt__hint "
  data-garden-id="select.hint"
  data-garden-version="version"
/>
`;
