// Jest Snapshot v1, https://goo.gl/fbAQLP

exports[`Message renders default styling 1`] = `
<div
  className="c-txt__message "
  data-garden-id="select.message"
  data-garden-version="version"
/>
`;
