// Jest Snapshot v1, https://goo.gl/fbAQLP

exports[`Nav renders default styling 1`] = `
<nav
  className="c-chrome__nav "
  data-garden-id="chrome.nav"
  data-garden-version="version"
/>
`;
