// Jest Snapshot v1, https://goo.gl/fbAQLP

exports[`MediaFigure renders default styling 1`] = `
<div
  className="c-txt__input--media__figure "
  data-garden-id="textfields.media_figure"
  data-garden-version="version"
/>
`;
