// Jest Snapshot v1, https://goo.gl/fbAQLP

exports[`HeaderItem renders default styling 1`] = `
<Item
  className="HeaderItem-gcJKKU c-menu__item--header dHgCGo"
  data-garden-id="select.header_item"
  data-garden-version="version"
/>
`;
