// Jest Snapshot v1, https://goo.gl/fbAQLP

exports[`ItemMeta renders default styling 1`] = `
<span
  className="ItemMeta-jmIeJN c-menu__item__meta bTnHVY"
  data-garden-id="select.item_meta"
  data-garden-version="version"
/>
`;
