// Jest Snapshot v1, https://goo.gl/fbAQLP

exports[`SelectGroup renders default styling 1`] = `
<div
  className="c-txt "
  data-garden-id="select.select_group"
  data-garden-version="version"
/>
`;
