// Jest Snapshot v1, https://goo.gl/fbAQLP

exports[`Body renders default styling 1`] = `
<tbody
  className=""
  data-garden-id="tables.body"
  data-garden-version="version"
/>
`;
