// Jest Snapshot v1, https://goo.gl/fbAQLP

exports[`HeaderRow applies default styling by default 1`] = `
.c0.c0 {
  display: -webkit-box;
  display: -webkit-flex;
  display: -ms-flexbox;
  display: flex;
}

.c0 .c1 {
  margin-top: auto !important;
}

<HeaderRow>
  <div
    className="c-table__row c-table__row--header c0"
    data-garden-id="tables.header_row"
    data-garden-version="version"
    role="row"
  />
</HeaderRow>
`;
